Starting CAP Project Generator...
Using @sap/cds-dk [8.8.2] from [/home/user/.node_modules_global/lib/node_modules/@sap/cds-dk]
Using @sap/generator-cap-project [1.8.3] from [/extbin/globals/pnpm/5/.pnpm/@sap+generator-cap-project@1.8.3_encoding@0.1.13_mem-fs@2.1.0_yeoman-environment@3.19.3/node_modules/@sap/generator-cap-project]
Using root path [/home/user/projects]

Creating project with hana, nodejs
Done creating project Stock-management-system


Find samples on https://github.com/SAP-samples/cloud-cap-samples
Learn about next steps at https://cap.cloud.sap

Installing dependencies...
rejected promise not handled within 1 second: Error: The token expired, was revoked, or the token ID is incorrect. Please log back in to re-authenticate.

stack trace: Error: The token expired, was revoked, or the token ID is incorrect. Please log back in to re-authenticate.

	at execQuery (/extbin/local/openvscode-server/extensions/hana-database-explorer-1.30.0-bas/dist/extension.js:27648:15)
	at process.processTicksAndRejections (node:internal/process/task_queues:95:5)
	at async cfGetAuthToken (/extbin/local/openvscode-server/extensions/hana-database-explorer-1.30.0-bas/dist/extension.js:28001:12)
	at async Object.cfGetTarget (/extbin/local/openvscode-server/extensions/hana-database-explorer-1.30.0-bas/dist/extension.js:28006:9)
	at async onConfigFileChange (/extbin/local/openvscode-server/extensions/hana-database-explorer-1.30.0-bas/dist/extension.js:173734:24)
rejected promise not handled within 1 second: Error: The token expired, was revoked, or the token ID is incorrect. Please log back in to re-authenticate.

stack trace: Error: The token expired, was revoked, or the token ID is incorrect. Please log back in to re-authenticate.

	at execQuery (/extbin/local/openvscode-server/extensions/hana-database-explorer-1.30.0-bas/dist/extension.js:27648:15)
	at process.processTicksAndRejections (node:internal/process/task_queues:95:5)
	at async cfGetAuthToken (/extbin/local/openvscode-server/extensions/hana-database-explorer-1.30.0-bas/dist/extension.js:28001:12)
	at async Object.cfGetTarget (/extbin/local/openvscode-server/extensions/hana-database-explorer-1.30.0-bas/dist/extension.js:28006:9)
	at async onConfigFileChange (/extbin/local/openvscode-server/extensions/hana-database-explorer-1.30.0-bas/dist/extension.js:173734:24)

Finished installing dependencies... project is ready to use.
